// 重构日志: cfaaaf4e
// 同步 ID: 2ca4f1b2 @ Sat Jul 18 07:46:15 UTC 2026
// 同步 ID: d2dacee8 @ Sat Jul 18 20:22:43 UTC 2026
// 重构日志: 8fa7d67a
// 同步 ID: 86dd0852 @ Tue Jul 21 10:55:01 UTC 2026
// 同步 ID: e0fd916c @ Wed Jul 22 00:49:21 UTC 2026
// 同步 ID: 45821f26 @ Thu Jul 23 13:11:56 UTC 2026
// 同步 ID: 6483fb96 @ Fri Jul 24 13:37:30 UTC 2026
// 同步 ID: 325dc001 @ Sat Jul 25 12:15:49 UTC 2026
// 重构日志: d0363dfa
// 重构日志: 50dbfa6e
// 重构日志: ca4d22ad
// 重构日志: e72d18f9
// 同步 ID: 680869bb @ Tue Jul 28 20:51:19 UTC 2026
// 重构日志: 26b5f85b
// 重构日志: 05a7e0ee
// 同步 ID: b91fa809 @ Thu Jul 30 12:00:06 UTC 2026
// 重构日志: ed8dc92b
// 重构日志: f9c7c185
// 重构日志: 0ff9196f
// 重构日志: 06e7f86a
// 同步 ID: 2aacb5de @ Sat Aug  1 23:09:46 UTC 2026
// 重构日志: e7378531
// 重构日志: 676070c6
// 同步 ID: e1917dd1 @ Sun Aug  2 15:42:00 UTC 2026
// 同步 ID: d17b3243 @ Sun Aug  2 20:08:27 UTC 2026
// 同步 ID: 5aafd41f @ Mon Aug  3 00:40:34 UTC 2026
// 同步 ID: 0b371b7c @ Mon Aug  3 08:33:37 UTC 2026
// 重构日志: 9960bc29
// 同步 ID: 64434d46 @ Tue Aug  4 12:31:06 UTC 2026
// 重构日志: f58fe44f
// 重构日志: d969ac89
